LTspice 26.0.2 for Windows
Circuit: C:\Users\54346\Documents\GitHub\TP2_Analogica\TP2_EA1\Labrueo_felipe\AmpFinalEstadiscamentecorrecto.net
Start Time: Sat Oct  3 23:22:16 2026

.step vin=1
solver = Normal
Maximum thread count: 8
tnom = 27
temp = 27
method = trap
Direct Newton iteration succeeded in finding operating point.

.step vin=1.5
Direct Newton iteration succeeded in finding operating point.

.step vin=2
Direct Newton iteration succeeded in finding operating point.

.step vin=3
Direct Newton iteration succeeded in finding operating point.

.step vin=4
Direct Newton iteration succeeded in finding operating point.

.step vin=5
Direct Newton iteration succeeded in finding operating point.

.step vin=6
Direct Newton iteration succeeded in finding operating point.

.step vin=7
Direct Newton iteration succeeded in finding operating point.

.step vin=8
Direct Newton iteration succeeded in finding operating point.

.step vin=9
Direct Newton iteration succeeded in finding operating point.

.step vin=10
Direct Newton iteration succeeded in finding operating point.

.step vin=11
Direct Newton iteration succeeded in finding operating point.

.step vin=12
Direct Newton iteration succeeded in finding operating point.
Total elapsed time: 1.418 seconds.

Files loaded:
C:\Users\54346\Documents\GitHub\TP2_Analogica\TP2_EA1\Labrueo_felipe\AmpFinalEstadiscamentecorrecto.net
C:\Users\54346\AppData\Local\LTspice\lib\cmp\standard.bjt

